// Jest Snapshot v1, https://goo.gl/fbAQLP

exports[`utils getSummaryTable should output a markdown table 1`] = `
"| | Covered/Total | Percentage |
|:--| :--: | --:|
| <b>Statements</b> | \`100/100\` | \`100%\` ðŸŸ¢ |
| <b>Branches</b> | \`70/100\` | \`70%\` ðŸŸ  |
| <b>Functions</b> | \`50/100\` | \`50%\` ðŸ”´ |
| <b>Lines</b> | \`10/100\` | \`10%\` ðŸ”´ |"
`;
